pnpm : ΓÇëWARNΓÇë 
Issue while reading "D
:\Projects\vcs\mapwise
\.npmrc". Failed to 
replace env in 
config: ${NPM_TOKEN}
At line:1 char:1
+ pnpm test packages/l
ayers/src/wmts/wmts-pr
otocol.test.ts > 
test_outpu ...
+ ~~~~~~~~~~~~~~~~~~~~
~~~~~~~~~~~~~~~~~~~~~~
~~~~~~~~~~~~~~~~~~~~~~
~~~~~
    + CategoryInfo    
          : NotSpeci  
  fied: (ΓÇëWARNΓÇë   
  Issu...g: ${NPM_    
TOKEN}:String) []    
, RemoteException
    + FullyQualifiedE 
   rrorId : NativeCo  
  mmandError
 
ΓÇëWARNΓÇë Issue 
while reading "D:\Proj
ects\vcs\mapwise\.npmr
c". Failed to replace 
env in config: 
${NPM_TOKEN}
ΓÇëWARNΓÇë Issue 
while reading "D:\Proj
ects\vcs\mapwise\.npmr
c". Failed to replace 
env in config: 
${NPM_TOKEN}
ΓÇëWARNΓÇë Issue 
while reading "D:\Proj
ects\vcs\mapwise\.npmr
c". Failed to replace 
env in config: 
${NPM_TOKEN}

> mapwise@0.0.0 test D:\Projects\vcs\mapwise
> turbo run test "packages/layers/src/wmts/wmts-protocol.test.ts"

ΓÇó turbo 2.7.3
  x Missing tasks in 
project
  `->   x Could not 
find task `packages/la
yers/src/wmts/wmts-pro
tocol.test.ts`
        | in project

ΓÇëELIFECYCLEΓÇë Test failed. See above for more details.
